Temperature("S001",90)
Pressure("S001",750)
AverageReadings("S001",90,750)
Temperature("S001",95)
AverageReadings("S001",95,750)
Pressure("S001",775)
AverageReadings("S001",95,775)
Temperature("S001",100.33333333333333)
AverageReadings("S001",100.33333333333333,775)
Pressure("S001",800)
AverageReadings("S001",100.33333333333333,800)
Temperature("S001",105.25)
AverageReadings("S001",105.25,800)
Pressure("S001",825)
AverageReadings("S001",105.25,825)
